<html>
<body>
<pre>
<h1>礦ision Build Log</h1>
<h2>Tool Versions:</h2>
IDE-Version: μVision V5.14.0.0
Copyright (C) 2015 ARM Ltd and ARM Germany GmbH. All rights reserved.
License Information: peng Administrator, db, LIC=FYKJJ-U8RTW-6QD0X-HFTER-PL12K-4MCBE
 
Tool Versions:
Toolchain:       MDK-ARM Standard  Version: 5.14.0.0
Toolchain Path:  C:\Keil_v5\ARM\ARMCC\Bin
C Compiler:      Armcc.exe V5.05 update 1 (build 106)
Assembler:       Armasm.exe V5.05 update 1 (build 106)
Linker/Locator:  ArmLink.exe V5.05 update 1 (build 106)
Library Manager: ArmAr.exe V5.05 update 1 (build 106)
Hex Converter:   FromElf.exe V5.05 update 1 (build 106)
CPU DLL:         SARMCM3.DLL V5.14.0.0
Dialog DLL:      DCM.DLL V1.13.1.0
Target DLL:      STLink\ST-LINKIII-KEIL_SWO.dll V2.0.14.0_KEIL
Dialog DLL:      TCM.DLL V1.14.4.0
 
<h2>Project:</h2>
D:\BaiduNetdiskDownload\【正点原子】探索者STM32F407开发板资料 视频盘(A盘)\4，程序源码\1，标准例程-寄存器版本\实验1 跑马灯实验\USER\TEST.uvprojx
Project File Date:  10/31/2019

<h2>Output:</h2>
Build target 'Target 1'
assembling startup_stm32f40_41xxx.s...
compiling test.c...
compiling delay.c...
compiling sys.c...
compiling usart.c...
compiling led.c...
linking...
Program Size: Code=1412 RO-data=424 RW-data=12 ZI-data=1324  
FromELF: creating hex file...
"..\OBJ\TEST.axf" - 0 Error(s), 0 Warning(s).

<h2>Collection of Component include folders:</h2>
  D:\BaiduNetdiskDownload\【正点原子】探索者STM32F407开发板资料 视频盘(A盘)\4，程序源码\1，标准例程-寄存器版本\实验1 跑马灯实验\USER\RTE
  C:\Keil_v5\ARM\PACK\Keil\STM32F4xx_DFP\2.14.0

<h2>Collection of Component Files used:</h2>
</pre>
</body>
</html>
